
Allocating common symbols
Common symbol       size              file

p_slp_param         0x4               pm_sleep.o
extern_func         0x4               pm_sleep.o

Discarded input sections

 .data          0x0000000000000000        0x0 start.o
 .bss           0x0000000000000000        0x0 start.o
 .reginfo       0x0000000000000000       0x18 start.o
 .pdr           0x0000000000000000       0x80 start.o
 .data          0x0000000000000000        0x0 pm_sleep.o
 .reginfo       0x0000000000000000       0x18 pm_sleep.o
 .pdr           0x0000000000000000       0xe0 pm_sleep.o
 .gnu.attributes
                0x0000000000000000       0x10 pm_sleep.o
 .data          0x0000000000000000        0x0 uart.o
 .reginfo       0x0000000000000000       0x18 uart.o
 .pdr           0x0000000000000000       0x80 uart.o
 .gnu.attributes
                0x0000000000000000       0x10 uart.o
 .data          0x0000000000000000        0x0 gpio.o
 .bss           0x0000000000000000        0x0 gpio.o
 .reginfo       0x0000000000000000       0x18 gpio.o
 .pdr           0x0000000000000000       0x40 gpio.o
 .gnu.attributes
                0x0000000000000000       0x10 gpio.o

Memory Configuration

Name             Origin             Length             Attributes
*default*        0x0000000000000000 0xffffffffffffffff

Linker script and memory map

                0x0000000000000000                . = 0x0
                0x0000000000000000                . = ALIGN (0x4)

.text           0x0000000000000000      0xbc0
 *(.text*)
 .text          0x0000000000000000      0x290 start.o
                0x0000000000000000                _start
                0x0000000000000218                sleep_pm_enter
                0x0000000000000240                sleep_pm_exit
                0x0000000000000268                call_function
 .text          0x0000000000000290      0x790 pm_sleep.o
                0x000000000000034c                blast_l1cache_all
                0x0000000000000374                flush_cache_all
                0x000000000000038c                scale_cpu_freq
                0x0000000000000430                core_sleep_enter
                0x000000000000065c                core_sleep_restore
 .text          0x0000000000000a20       0xf0 uart.o
                0x0000000000000a20                udelay
                0x0000000000000a38                serial_setid
                0x0000000000000a5c                serial_putc
                0x0000000000000a9c                serial_put_hex
 .text          0x0000000000000b10       0xb0 gpio.o
                0x0000000000000b10                set_gpio_func
                0x0000000000000b6c                get_gpio_func

.MIPS.stubs     0x0000000000000bc0        0x0
 .MIPS.stubs    0x0000000000000000        0x0 start.o
                0x0000000000000bc0                . = ALIGN (0x4)

.rodata
 *(SORT(.rodata*))
                0x0000000000000bc0                . = ALIGN (0x4)

.data
 *(.data*)
                0x0000000000000bc0                . = .
                0x0000000000008bb0                _gp = (ALIGN (0x10) + 0x7ff0)

.got            0x0000000000000bc0       0x5c
 *(.got)
 .got           0x0000000000000bc0       0x5c start.o
                0x0000000000000bc0                _GLOBAL_OFFSET_TABLE_
                0x0000000000000017                num_got_entries = (SIZEOF (.got) >> 0x2)
                0x0000000000000c1c                . = ALIGN (0x4)

.sdata
 *(.sdata*)
                0x0000000000000c1c                . = ALIGN (0x4)

.u_boot_list
 *(SORT(.u_boot_list*))
                0x0000000000000c1c                . = ALIGN (0x4)
                0x0000000000000c1c                __image_copy_end = .

.rel.dyn        0x0000000000000c1c       0x38
                0x0000000000000c1c                __rel_dyn_start = .
 *(.rel.dyn)
 .rel.dyn       0x0000000000000c1c       0x38 start.o
                0x0000000000000c54                __rel_dyn_end = .

.deadcode       0x0000000000000c54        0x4
                0x0000000000000c54        0x4 LONG 0xffffffff

.dynsym         0x0000000000000c58       0xe0
 *(.dynsym)
 .dynsym        0x0000000000000c58       0xe0 start.o

.bss            0x0000000000000c1c       0x34
                0x0000000000000c1c                __bss_start = .
 *(.sbss*)
 *(.bss*)
 *fill*         0x0000000000000c1c        0x4 
 .bss           0x0000000000000c20       0x20 pm_sleep.o
 .bss           0x0000000000000c40       0x10 uart.o
 *(COMMON)
                0x0000000000000c50                . = ALIGN (0x4)
                0x0000000000000c50                __bss_end = .

.scommon        0x0000000000000d38        0x8
 .scommon       0x0000000000000d38        0x8 pm_sleep.o
                0x0000000000000d38                p_slp_param
                0x0000000000000d3c                extern_func

/DISCARD/
 *(.dynbss)
 *(.dynstr)
 *(.dynamic)
 *(.interp)
 *(.hash)
 *(.gnu.*)
 *(.plt)
 *(.got.plt)
 *(.rel.plt)
Address of section .text set to 0x0
LOAD start.o
LOAD pm_sleep.o
LOAD uart.o
LOAD gpio.o
OUTPUT(core_sleep elf32-tradlittlemips)

.mdebug.abi32   0x0000000000000000        0x0
 .mdebug.abi32  0x0000000000000000        0x0 pm_sleep.o
 .mdebug.abi32  0x0000000000000000        0x0 uart.o
 .mdebug.abi32  0x0000000000000000        0x0 gpio.o

.comment        0x0000000000000000       0x1d
 .comment       0x0000000000000000       0x1d pm_sleep.o
                                         0x1e (size before relaxing)
 .comment       0x0000000000000000       0x1e uart.o
 .comment       0x0000000000000000       0x1e gpio.o
